Archive member included to satisfy reference by file (symbol)

e:/学习软件/ide_mrs/mounriver_studio/toolchain/risc-v embedded gcc/bin/../lib/gcc/riscv-none-embed/8.2.0/rv32imacxw/ilp32\libgcc.a(gedf2.o)
                              ./User/ADC.o (__gedf2)
e:/学习软件/ide_mrs/mounriver_studio/toolchain/risc-v embedded gcc/bin/../lib/gcc/riscv-none-embed/8.2.0/rv32imacxw/ilp32\libgcc.a(divsf3.o)
                              ./User/ADC.o (__divsf3)
e:/学习软件/ide_mrs/mounriver_studio/toolchain/risc-v embedded gcc/bin/../lib/gcc/riscv-none-embed/8.2.0/rv32imacxw/ilp32\libgcc.a(lesf2.o)
                              ./User/ADC.o (__lesf2)
e:/学习软件/ide_mrs/mounriver_studio/toolchain/risc-v embedded gcc/bin/../lib/gcc/riscv-none-embed/8.2.0/rv32imacxw/ilp32\libgcc.a(mulsf3.o)
                              ./User/ADC.o (__mulsf3)
e:/学习软件/ide_mrs/mounriver_studio/toolchain/risc-v embedded gcc/bin/../lib/gcc/riscv-none-embed/8.2.0/rv32imacxw/ilp32\libgcc.a(subsf3.o)
                              ./User/ADC.o (__subsf3)
e:/学习软件/ide_mrs/mounriver_studio/toolchain/risc-v embedded gcc/bin/../lib/gcc/riscv-none-embed/8.2.0/rv32imacxw/ilp32\libgcc.a(fixunssfsi.o)
                              ./General_Files/system.o (__fixunssfsi)
e:/学习软件/ide_mrs/mounriver_studio/toolchain/risc-v embedded gcc/bin/../lib/gcc/riscv-none-embed/8.2.0/rv32imacxw/ilp32\libgcc.a(floatunsisf.o)
                              ./User/ADC.o (__floatunsisf)
e:/学习软件/ide_mrs/mounriver_studio/toolchain/risc-v embedded gcc/bin/../lib/gcc/riscv-none-embed/8.2.0/rv32imacxw/ilp32\libgcc.a(extendsfdf2.o)
                              ./User/ADC.o (__extendsfdf2)
e:/学习软件/ide_mrs/mounriver_studio/toolchain/risc-v embedded gcc/bin/../lib/gcc/riscv-none-embed/8.2.0/rv32imacxw/ilp32\libgcc.a(_clzsi2.o)
                              e:/学习软件/ide_mrs/mounriver_studio/toolchain/risc-v embedded gcc/bin/../lib/gcc/riscv-none-embed/8.2.0/rv32imacxw/ilp32\libgcc.a(divsf3.o) (__clzsi2)
e:/学习软件/ide_mrs/mounriver_studio/toolchain/risc-v embedded gcc/bin/../lib/gcc/riscv-none-embed/8.2.0/rv32imacxw/ilp32\libgcc.a(_clz.o)
                              e:/学习软件/ide_mrs/mounriver_studio/toolchain/risc-v embedded gcc/bin/../lib/gcc/riscv-none-embed/8.2.0/rv32imacxw/ilp32\libgcc.a(_clzsi2.o) (__clz_tab)
e:/学习软件/ide_mrs/mounriver_studio/toolchain/risc-v embedded gcc/bin/../lib/gcc/riscv-none-embed/8.2.0/../../../../riscv-none-embed/lib/rv32imacxw/ilp32\libg_nano.a(lib_a-memcmp.o)
                              ./User/usbd_compostie_km.o (memcmp)
e:/学习软件/ide_mrs/mounriver_studio/toolchain/risc-v embedded gcc/bin/../lib/gcc/riscv-none-embed/8.2.0/../../../../riscv-none-embed/lib/rv32imacxw/ilp32\libg_nano.a(lib_a-memcpy.o)
                              ./User/ch32v30x_usbfs_device.o (memcpy)
e:/学习软件/ide_mrs/mounriver_studio/toolchain/risc-v embedded gcc/bin/../lib/gcc/riscv-none-embed/8.2.0/../../../../riscv-none-embed/lib/rv32imacxw/ilp32\libg_nano.a(lib_a-printf.o)
                              ./User/ADC.o (printf)
e:/学习软件/ide_mrs/mounriver_studio/toolchain/risc-v embedded gcc/bin/../lib/gcc/riscv-none-embed/8.2.0/../../../../riscv-none-embed/lib/rv32imacxw/ilp32\libg_nano.a(lib_a-findfp.o)
                              e:/学习软件/ide_mrs/mounriver_studio/toolchain/risc-v embedded gcc/bin/../lib/gcc/riscv-none-embed/8.2.0/../../../../riscv-none-embed/lib/rv32imacxw/ilp32\libg_nano.a(lib_a-printf.o) (__sinit)
e:/学习软件/ide_mrs/mounriver_studio/toolchain/risc-v embedded gcc/bin/../lib/gcc/riscv-none-embed/8.2.0/../../../../riscv-none-embed/lib/rv32imacxw/ilp32\libg_nano.a(lib_a-fwalk.o)
                              e:/学习软件/ide_mrs/mounriver_studio/toolchain/risc-v embedded gcc/bin/../lib/gcc/riscv-none-embed/8.2.0/../../../../riscv-none-embed/lib/rv32imacxw/ilp32\libg_nano.a(lib_a-findfp.o) (_fwalk)
e:/学习软件/ide_mrs/mounriver_studio/toolchain/risc-v embedded gcc/bin/../lib/gcc/riscv-none-embed/8.2.0/../../../../riscv-none-embed/lib/rv32imacxw/ilp32\libg_nano.a(lib_a-impure.o)
                              e:/学习软件/ide_mrs/mounriver_studio/toolchain/risc-v embedded gcc/bin/../lib/gcc/riscv-none-embed/8.2.0/../../../../riscv-none-embed/lib/rv32imacxw/ilp32\libg_nano.a(lib_a-findfp.o) (_global_impure_ptr)
e:/学习软件/ide_mrs/mounriver_studio/toolchain/risc-v embedded gcc/bin/../lib/gcc/riscv-none-embed/8.2.0/../../../../riscv-none-embed/lib/rv32imacxw/ilp32\libg_nano.a(lib_a-memset.o)
                              e:/学习软件/ide_mrs/mounriver_studio/toolchain/risc-v embedded gcc/bin/../lib/gcc/riscv-none-embed/8.2.0/../../../../riscv-none-embed/lib/rv32imacxw/ilp32\libg_nano.a(lib_a-findfp.o) (memset)
e:/学习软件/ide_mrs/mounriver_studio/toolchain/risc-v embedded gcc/bin/../lib/gcc/riscv-none-embed/8.2.0/../../../../riscv-none-embed/lib/rv32imacxw/ilp32\libg_nano.a(lib_a-nano-mallocr.o)
                              e:/学习软件/ide_mrs/mounriver_studio/toolchain/risc-v embedded gcc/bin/../lib/gcc/riscv-none-embed/8.2.0/../../../../riscv-none-embed/lib/rv32imacxw/ilp32\libg_nano.a(lib_a-findfp.o) (_malloc_r)
[...]
Memory Configuration

Name             Origin             Length             Attributes
FLASH            0x0000000000000000 0x0000000000048000 xr
RAM              0x0000000020000000 0x0000000000008000 xrw
*default*        0x0000000000000000 0xffffffffffffffff

Linker script and memory map

LOAD ./User/ADC.o
LOAD ./User/ch32v30x_it.o
LOAD ./User/ch32v30x_usbfs_device.o
LOAD ./User/main.o
LOAD ./User/system_ch32v30x.o
LOAD ./User/usbd_compostie_km.o
LOAD ./User/usbd_desc.o
LOAD ./Startup/startup_ch32v30x_D8C.o
LOAD ./Peripheral/src/ch32v30x_adc.o
LOAD ./Peripheral/src/ch32v30x_bkp.o
LOAD ./Peripheral/src/ch32v30x_can.o
LOAD ./Peripheral/src/ch32v30x_crc.o
LOAD ./Peripheral/src/ch32v30x_dac.o
LOAD ./Peripheral/src/ch32v30x_dbgmcu.o
LOAD ./Peripheral/src/ch32v30x_dma.o
LOAD ./Peripheral/src/ch32v30x_dvp.o
LOAD ./Peripheral/src/ch32v30x_eth.o
LOAD ./Peripheral/src/ch32v30x_exti.o
LOAD ./Peripheral/src/ch32v30x_flash.o
LOAD ./Peripheral/src/ch32v30x_fsmc.o
LOAD ./Peripheral/src/ch32v30x_gpio.o
LOAD ./Peripheral/src/ch32v30x_i2c.o
LOAD ./Peripheral/src/ch32v30x_iwdg.o
LOAD ./Peripheral/src/ch32v30x_misc.o
LOAD ./Peripheral/src/ch32v30x_opa.o
LOAD ./Peripheral/src/ch32v30x_pwr.o
LOAD ./Peripheral/src/ch32v30x_rcc.o
LOAD ./Peripheral/src/ch32v30x_rng.o
LOAD ./Peripheral/src/ch32v30x_rtc.o
LOAD ./Peripheral/src/ch32v30x_sdio.o
LOAD ./Peripheral/src/ch32v30x_spi.o
LOAD ./Peripheral/src/ch32v30x_tim.o
LOAD ./Peripheral/src/ch32v30x_usart.o
LOAD ./Peripheral/src/ch32v30x_wwdg.o
LOAD ./LCD/LCDword.o
LOAD ./LCD/flash.o
LOAD ./LCD/lcd.o
LOAD ./LCD/spi.o
LOAD ./LCD/st7789v2.o
LOAD ./General_Files/drivers/WS2812_PWM_drv.o
LOAD ./General_Files/system.o
LOAD ./Debug/debug.o
LOAD ./Core/core_riscv.o
LOAD e:/学习软件/ide_mrs/mounriver_studio/toolchain/risc-v embedded gcc/bin/../lib/gcc/riscv-none-embed/8.2.0/../../../../riscv-none-embed/lib/rv32imacxw/ilp32\libm.a
LOAD e:/学习软件/ide_mrs/mounriver_studio/toolchain/risc-v embedded gcc/bin/../lib/gcc/riscv-none-embed/8.2.0/rv32imacxw/ilp32\libgcc.a
LOAD e:/学习软件/ide_mrs/mounriver_studio/toolchain/risc-v embedded gcc/bin/../lib/gcc/riscv-none-embed/8.2.0/../../../../riscv-none-embed/lib/rv32imacxw/ilp32\libg_nano.a
LOAD e:/学习软件/ide_mrs/mounriver_studio/toolchain/risc-v embedded gcc/bin/../lib/gcc/riscv-none-embed/8.2.0/../../../../riscv-none-embed/lib/rv32imacxw/ilp32\libc_nano.a
LOAD e:/学习软件/ide_mrs/mounriver_studio/toolchain/risc-v embedded gcc/bin/../lib/gcc/riscv-none-embed/8.2.0/rv32imacxw/ilp32\libgcc.a
START GROUP
LOAD e:/学习软件/ide_mrs/mounriver_studio/toolchain/risc-v embedded gcc/bin/../lib/gcc/riscv-none-embed/8.2.0/rv32imacxw/ilp32\libgcc.a
LOAD e:/学习软件/ide_mrs/mounriver_studio/toolchain/risc-v embedded gcc/bin/../lib/gcc/riscv-none-embed/8.2.0/../../../../riscv-none-embed/lib/rv32imacxw/ilp32\libc_nano.a
LOAD e:/学习软件/ide_mrs/mounriver_studio/toolchain/risc-v embedded gcc/bin/../lib/gcc/riscv-none-embed/8.2.0/../../../../riscv-none-embed/lib/rv32imacxw/ilp32\libnosys.a
END GROUP
START GROUP
LOAD e:/学习软件/ide_mrs/mounriver_studio/toolchain/risc-v embedded gcc/bin/../lib/gcc/riscv-none-embed/8.2.0/rv32imacxw/ilp32\libgcc.a
LOAD e:/学习软件/ide_mrs/mounriver_studio/toolchain/risc-v embedded gcc/bin/../lib/gcc/riscv-none-embed/8.2.0/../../../../riscv-none-embed/lib/rv32imacxw/ilp32\libc_nano.a
LOAD e:/学习软件/ide_mrs/mounriver_studio/toolchain/risc-v embedded gcc/bin/../lib/gcc/riscv-none-embed/8.2.0/../../../../riscv-none-embed/lib/rv32imacxw/ilp32\libnosys.a
END GROUP
                0x0000000000000800                __stack_size = 0x800
                [!provide]                        PROVIDE (_stack_size = __stack_size)

.init           0x0000000000000000        0x4
                0x0000000000000000                _sinit = .
                0x0000000000000000                . = ALIGN (0x4)
 *(SORT_NONE(.init))
 .init          0x0000000000000000        0x4 ./Startup/startup_ch32v30x_D8C.o
                0x0000000000000000                _start
                0x0000000000000004                . = ALIGN (0x4)
                0x0000000000000004                _einit = .

.vector         0x0000000000000004      0x1bc
 *(.vector)
 .vector        0x0000000000000004      0x1a0 ./Startup/startup_ch32v30x_D8C.o
                0x00000000000001c0                . = ALIGN (0x40)
 *fill*         0x00000000000001a4       0x1c 

.text           0x00000000000001c0     0x5564
                0x00000000000001c0                . = ALIGN (0x4)
 *(.text)
 *(.text.*)
 .text.NMI_Handler
                0x00000000000001c0        0x8 ./User/ch32v30x_it.o
                0x00000000000001c0                NMI_Handler
 .text.HardFault_Handler
                0x00000000000001c8       0x16 ./User/ch32v30x_it.o
                0x00000000000001c8                HardFault_Handler
 .text.EXTI0_IRQHandler
                0x00000000000001de       0x32 ./User/ch32v30x_it.o
                0x00000000000001de                EXTI0_IRQHandler
 .text.EXTI1_IRQHandler
                0x0000000000000210       0x34 ./User/ch32v30x_it.o
                0x0000000000000210                EXTI1_IRQHandler
 .text.USBFS_RCC_Init
                0x0000000000000244       0x44 ./User/ch32v30x_usbfs_device.o
                0x0000000000000244                USBFS_RCC_Init
 .text.USBFS_Device_Endp_Init
                0x0000000000000288       0x84 ./User/ch32v30x_usbfs_device.o
                0x0000000000000288                USBFS_Device_Endp_Init
 .text.USBFS_Device_Init
                0x000000000000030c       0xbc ./User/ch32v30x_usbfs_device.o
                0x000000000000030c                USBFS_Device_Init
 .text.USBFS_Endp_DataUp
                0x00000000000003c8      0x270 ./User/ch32v30x_usbfs_device.o
                0x00000000000003c8                USBFS_Endp_DataUp
 .text.USBFS_IRQHandler
                0x0000000000000638      0xae8 ./User/ch32v30x_usbfs_device.o
                0x0000000000000638                USBFS_IRQHandler
 .text.USBFS_Send_Resume
                0x0000000000001120       0x4e ./User/ch32v30x_usbfs_device.o
                0x0000000000001120                USBFS_Send_Resume
 .text.UART1_Init
                0x000000000000116e       0xaa ./User/main.o
 .text.UART2_Init
                0x0000000000001218       0xa8 ./User/main.o
 .text.main     0x00000000000012c0       0x90 ./User/main.o
                0x00000000000012c0                main
 .text.SystemInit
                0x0000000000001350       0x98 ./User/system_ch32v30x.o
                0x0000000000001350                SystemInit
 .text.SystemCoreClockUpdate
                0x00000000000013e8      0x1ce ./User/system_ch32v30x.o
                0x00000000000013e8                SystemCoreClockUpdate
 .text.SetSysClock
                0x00000000000015b6       0x14 ./User/system_ch32v30x.o
 .text.SetSysClockTo96_HSE
                0x00000000000015ca      0x114 ./User/system_ch32v30x.o
 .text.UART2_SendReport
                0x00000000000016de       0x8a ./User/usbd_compostie_km.o
 .text.Keyboard_IO_Init
                0x0000000000001768       0xce ./User/usbd_compostie_km.o
                0x0000000000001768                Keyboard_IO_Init
 .text.Read_Columns
                0x0000000000001836       0xe2 ./User/usbd_compostie_km.o
 .text.Drive_Row_Low
                0x0000000000001918       0x78 ./User/usbd_compostie_km.o
 .text.KB_Scan  0x0000000000001990       0xe0 ./User/usbd_compostie_km.o
                0x0000000000001990                KB_Scan
 .text.KB_Scan_Handle
                0x0000000000001a70      0x5fc ./User/usbd_compostie_km.o
                0x0000000000001a70                KB_Scan_Handle
 .text.TIM3_Init
                0x000000000000206c       0xa8 ./User/usbd_compostie_km.o
                0x000000000000206c                TIM3_Init
 .text.TIM3_IRQHandler
                0x0000000000002114       0x40 ./User/usbd_compostie_km.o
                0x0000000000002114                TIM3_IRQHandler
 .text.KB_Sleep_Wakeup_Cfg
                0x0000000000002154       0xe2 ./User/usbd_compostie_km.o
                0x0000000000002154                KB_Sleep_Wakeup_Cfg
 .text.USB_Sleep_Wakeup_CFG
                0x0000000000002236       0x44 ./User/usbd_compostie_km.o
                0x0000000000002236                USB_Sleep_Wakeup_CFG
 .text.MCU_Sleep_Wakeup_Operate
                0x000000000000227a       0x6a ./User/usbd_compostie_km.o
                0x000000000000227a                MCU_Sleep_Wakeup_Operate
 .text.vector_handler
                0x00000000000022e4        0x2 ./Startup/startup_ch32v30x_D8C.o
                0x00000000000022e4                EXTI2_IRQHandler
                0x00000000000022e4                TIM8_TRG_COM_IRQHandler
                0x00000000000022e4                TIM8_CC_IRQHandler
                0x00000000000022e4                UART8_IRQHandler
                0x00000000000022e4                TIM1_CC_IRQHandler
                0x00000000000022e4                TIM6_IRQHandler
                0x00000000000022e4                SysTick_Handler
                0x00000000000022e4                PVD_IRQHandler
                0x00000000000022e4                SDIO_IRQHandler
                0x00000000000022e4                TIM9_BRK_IRQHandler
                0x00000000000022e4                DMA2_Channel8_IRQHandler
                0x00000000000022e4                CAN2_RX1_IRQHandler
                0x00000000000022e4                EXTI3_IRQHandler
                0x00000000000022e4                USBHS_IRQHandler
                0x00000000000022e4                DMA2_Channel9_IRQHandler
                0x00000000000022e4                TIM10_CC_IRQHandler
                0x00000000000022e4                I2C2_EV_IRQHandler
                0x00000000000022e4                TIM10_TRG_COM_IRQHandler
                0x00000000000022e4                CAN2_SCE_IRQHandler
                0x00000000000022e4                ADC1_2_IRQHandler
                0x00000000000022e4                Break_Point_Handler
                0x00000000000022e4                SPI1_IRQHandler
                0x00000000000022e4                TAMPER_IRQHandler
                0x00000000000022e4                CAN2_RX0_IRQHandler
                0x00000000000022e4                TIM8_UP_IRQHandler
                0x00000000000022e4                Ecall_M_Mode_Handler
                0x00000000000022e4                DMA2_Channel2_IRQHandler
                0x00000000000022e4                DMA1_Channel4_IRQHandler
                0x00000000000022e4                TIM9_UP_IRQHandler
                0x00000000000022e4                USART3_IRQHandler
                0x00000000000022e4                RTC_IRQHandler
                0x00000000000022e4                DMA1_Channel7_IRQHandler
                0x00000000000022e4                CAN1_RX1_IRQHandler
                0x00000000000022e4                DVP_IRQHandler
                0x00000000000022e4                UART5_IRQHandler
                0x00000000000022e4                TIM4_IRQHandler
                0x00000000000022e4                DMA2_Channel1_IRQHandler
                0x00000000000022e4                I2C1_EV_IRQHandler
                0x00000000000022e4                DMA1_Channel6_IRQHandler
                0x00000000000022e4                UART4_IRQHandler
                0x00000000000022e4                DMA2_Channel4_IRQHandler
                0x00000000000022e4                RCC_IRQHandler
                0x00000000000022e4                TIM1_TRG_COM_IRQHandler
                0x00000000000022e4                DMA1_Channel1_IRQHandler
                0x00000000000022e4                DMA2_Channel7_IRQHandler
                0x00000000000022e4                EXTI15_10_IRQHandler
                0x00000000000022e4                TIM7_IRQHandler
                0x00000000000022e4                CAN2_TX_IRQHandler
                0x00000000000022e4                TIM5_IRQHandler
                0x00000000000022e4                EXTI9_5_IRQHandler
                0x00000000000022e4                ETH_WKUP_IRQHandler
                0x00000000000022e4                SPI2_IRQHandler
                0x00000000000022e4                TIM10_BRK_IRQHandler
                0x00000000000022e4                TIM9_CC_IRQHandler
                0x00000000000022e4                DMA2_Channel5_IRQHandler
                0x00000000000022e4                DMA1_Channel5_IRQHandler
                0x00000000000022e4                EXTI4_IRQHandler
                0x00000000000022e4                USB_LP_CAN1_RX0_IRQHandler
                0x00000000000022e4                RNG_IRQHandler
                0x00000000000022e4                USB_HP_CAN1_TX_IRQHandler
                0x00000000000022e4                DMA1_Channel3_IRQHandler
                0x00000000000022e4                ETH_IRQHandler
                0x00000000000022e4                TIM1_UP_IRQHandler
                0x00000000000022e4                WWDG_IRQHandler
                0x00000000000022e4                USBHSWakeup_IRQHandler
                0x00000000000022e4                DMA2_Channel11_IRQHandler
                0x00000000000022e4                Ecall_U_Mode_Handler
                0x00000000000022e4                DMA2_Channel6_IRQHandler
                0x00000000000022e4                TIM2_IRQHandler
                0x00000000000022e4                SW_Handler
                0x00000000000022e4                TIM1_BRK_IRQHandler
                0x00000000000022e4                DMA2_Channel10_IRQHandler
                0x00000000000022e4                RTCAlarm_IRQHandler
                0x00000000000022e4                TIM10_UP_IRQHandler
                0x00000000000022e4                TIM9_TRG_COM_IRQHandler
                0x00000000000022e4                UART7_IRQHandler
                0x00000000000022e4                USART2_IRQHandler
                0x00000000000022e4                UART6_IRQHandler
                0x00000000000022e4                I2C2_ER_IRQHandler
                0x00000000000022e4                DMA1_Channel2_IRQHandler
                0x00000000000022e4                TIM8_BRK_IRQHandler
                0x00000000000022e4                CAN1_SCE_IRQHandler
                0x00000000000022e4                FLASH_IRQHandler
                0x00000000000022e4                USART1_IRQHandler
                0x00000000000022e4                SPI3_IRQHandler
                0x00000000000022e4                I2C1_ER_IRQHandler
                0x00000000000022e4                USBWakeUp_IRQHandler
                0x00000000000022e4                DMA2_Channel3_IRQHandler
 .text.handle_reset
                0x00000000000022e6       0x8a ./Startup/startup_ch32v30x_D8C.o
                0x00000000000022e6                handle_reset
 .text.DMA_DeInit
                0x0000000000002370      0x312 ./Peripheral/src/ch32v30x_dma.o
                0x0000000000002370                DMA_DeInit
 .text.DMA_Init
                0x0000000000002682       0xa8 ./Peripheral/src/ch32v30x_dma.o
                0x0000000000002682                DMA_Init
 .text.DMA_Cmd  0x000000000000272a       0x40 ./Peripheral/src/ch32v30x_dma.o
                0x000000000000272a                DMA_Cmd
 .text.DMA_SetCurrDataCounter
                0x000000000000276a       0x22 ./Peripheral/src/ch32v30x_dma.o
                0x000000000000276a                DMA_SetCurrDataCounter
 .text.DMA_GetFlagStatus
                0x000000000000278c       0x78 ./Peripheral/src/ch32v30x_dma.o
                0x000000000000278c                DMA_GetFlagStatus
 .text.DMA_ClearFlag
                0x0000000000002804       0x54 ./Peripheral/src/ch32v30x_dma.o
                0x0000000000002804                DMA_ClearFlag
 .text.EXTI_Init
                0x0000000000002858      0x170 ./Peripheral/src/ch32v30x_exti.o
                0x0000000000002858                EXTI_Init
 .text.EXTI_GetFlagStatus
                0x00000000000029c8       0x38 ./Peripheral/src/ch32v30x_exti.o
                0x00000000000029c8                EXTI_GetFlagStatus
 .text.EXTI_ClearFlag
                0x0000000000002a00       0x20 ./Peripheral/src/ch32v30x_exti.o
                0x0000000000002a00                EXTI_ClearFlag
 .text.EXTI_GetITStatus
                0x0000000000002a20       0x56 ./Peripheral/src/ch32v30x_exti.o
                0x0000000000002a20                EXTI_GetITStatus
 .text.EXTI_ClearITPendingBit
                0x0000000000002a76       0x20 ./Peripheral/src/ch32v30x_exti.o
                0x0000000000002a76                EXTI_ClearITPendingBit
 .text.GPIO_Init
                0x0000000000002a96      0x222 ./Peripheral/src/ch32v30x_gpio.o
                0x0000000000002a96                GPIO_Init
 .text.GPIO_ReadInputDataBit
                0x0000000000002cb8       0x3a ./Peripheral/src/ch32v30x_gpio.o
                0x0000000000002cb8                GPIO_ReadInputDataBit
 .text.GPIO_SetBits
                0x0000000000002cf2       0x22 ./Peripheral/src/ch32v30x_gpio.o
                0x0000000000002cf2                GPIO_SetBits
 .text.GPIO_ResetBits
                0x0000000000002d14       0x22 ./Peripheral/src/ch32v30x_gpio.o
                0x0000000000002d14                GPIO_ResetBits
 .text.GPIO_PinRemapConfig
                0x0000000000002d36      0x1d0 ./Peripheral/src/ch32v30x_gpio.o
                0x0000000000002d36                GPIO_PinRemapConfig
 .text.GPIO_EXTILineConfig
                0x0000000000002f06       0xa2 ./Peripheral/src/ch32v30x_gpio.o
                0x0000000000002f06                GPIO_EXTILineConfig
 .text.NVIC_PriorityGroupConfig
                0x0000000000002fa8       0x1a ./Peripheral/src/ch32v30x_misc.o
                0x0000000000002fa8                NVIC_PriorityGroupConfig
 .text.NVIC_Init
                0x0000000000002fc2       0xd0 ./Peripheral/src/ch32v30x_misc.o
                0x0000000000002fc2                NVIC_Init
 .text.PWR_EnterSTOPMode
                0x0000000000003092      0x13e ./Peripheral/src/ch32v30x_pwr.o
                0x0000000000003092                PWR_EnterSTOPMode
 .text.RCC_GetClocksFreq
                0x00000000000031d0      0x38e ./Peripheral/src/ch32v30x_rcc.o
                0x00000000000031d0                RCC_GetClocksFreq
 .text.RCC_AHBPeriphClockCmd
                0x000000000000355e       0x46 ./Peripheral/src/ch32v30x_rcc.o
                0x000000000000355e                RCC_AHBPeriphClockCmd
 .text.RCC_APB2PeriphClockCmd
                0x00000000000035a4       0x46 ./Peripheral/src/ch32v30x_rcc.o
                0x00000000000035a4                RCC_APB2PeriphClockCmd
 .text.RCC_APB1PeriphClockCmd
                0x00000000000035ea       0x46 ./Peripheral/src/ch32v30x_rcc.o
                0x00000000000035ea                RCC_APB1PeriphClockCmd
 .text.RCC_USBHSConfig
                0x0000000000003630       0x3c ./Peripheral/src/ch32v30x_rcc.o
                0x0000000000003630                RCC_USBHSConfig
 .text.RCC_USBHSPLLCLKConfig
                0x000000000000366c       0x3c ./Peripheral/src/ch32v30x_rcc.o
                0x000000000000366c                RCC_USBHSPLLCLKConfig
 .text.RCC_USBHSPLLCKREFCLKConfig
                0x00000000000036a8       0x3c ./Peripheral/src/ch32v30x_rcc.o
                0x00000000000036a8                RCC_USBHSPLLCKREFCLKConfig
 .text.RCC_USBHSPHYPLLALIVEcmd
                0x00000000000036e4       0x40 ./Peripheral/src/ch32v30x_rcc.o
                0x00000000000036e4                RCC_USBHSPHYPLLALIVEcmd
 .text.RCC_USBCLK48MConfig
                0x0000000000003724       0x3e ./Peripheral/src/ch32v30x_rcc.o
                0x0000000000003724                RCC_USBCLK48MConfig
 .text.SPI_Init
                0x0000000000003762       0xdc ./Peripheral/src/ch32v30x_spi.o
                0x0000000000003762                SPI_Init
 .text.SPI_Cmd  0x000000000000383e       0x52 ./Peripheral/src/ch32v30x_spi.o
                0x000000000000383e                SPI_Cmd
 .text.SPI_I2S_DMACmd
                0x0000000000003890       0x68 ./Peripheral/src/ch32v30x_spi.o
                0x0000000000003890                SPI_I2S_DMACmd
 .text.SPI_I2S_SendData
                0x00000000000038f8       0x22 ./Peripheral/src/ch32v30x_spi.o
                0x00000000000038f8                SPI_I2S_SendData
 .text.SPI_I2S_ReceiveData
                0x000000000000391a       0x1c ./Peripheral/src/ch32v30x_spi.o
                0x000000000000391a                SPI_I2S_ReceiveData
 .text.SPI_I2S_GetFlagStatus
                0x0000000000003936       0x44 ./Peripheral/src/ch32v30x_spi.o
                0x0000000000003936                SPI_I2S_GetFlagStatus
 .text.TIM_TimeBaseInit
                0x000000000000397a      0x168 ./Peripheral/src/ch32v30x_tim.o
                0x000000000000397a                TIM_TimeBaseInit
 .text.TIM_OC3Init
                0x0000000000003ae2      0x1ba ./Peripheral/src/ch32v30x_tim.o
                0x0000000000003ae2                TIM_OC3Init
 .text.TIM_Cmd  0x0000000000003c9c       0x50 ./Peripheral/src/ch32v30x_tim.o
                0x0000000000003c9c                TIM_Cmd
 .text.TIM_CtrlPWMOutputs
                0x0000000000003cec       0x60 ./Peripheral/src/ch32v30x_tim.o
                0x0000000000003cec                TIM_CtrlPWMOutputs
 .text.TIM_ITConfig
                0x0000000000003d4c       0x68 ./Peripheral/src/ch32v30x_tim.o
                0x0000000000003d4c                TIM_ITConfig
 .text.TIM_DMACmd
                0x0000000000003db4       0x68 ./Peripheral/src/ch32v30x_tim.o
                0x0000000000003db4                TIM_DMACmd
 .text.TIM_GetITStatus
                0x0000000000003e1c       0x6c ./Peripheral/src/ch32v30x_tim.o
                0x0000000000003e1c                TIM_GetITStatus
 .text.TIM_ClearITPendingBit
                0x0000000000003e88       0x2c ./Peripheral/src/ch32v30x_tim.o
                0x0000000000003e88                TIM_ClearITPendingBit
 .text.USART_Init
                0x0000000000003eb4      0x1b4 ./Peripheral/src/ch32v30x_usart.o
                0x0000000000003eb4                USART_Init
 .text.USART_Cmd
                0x0000000000004068       0x58 ./Peripheral/src/ch32v30x_usart.o
                0x0000000000004068                USART_Cmd
 .text.USART_SendData
                0x00000000000040c0       0x2c ./Peripheral/src/ch32v30x_usart.o
                0x00000000000040c0                USART_SendData
 .text.USART_GetFlagStatus
                0x00000000000040ec       0x44 ./Peripheral/src/ch32v30x_usart.o
                0x00000000000040ec                USART_GetFlagStatus
 .text.FLASH_readWrite
                0x0000000000004130       0x58 ./LCD/flash.o
 .text.cs_pin_init
                0x0000000000004188       0x3e ./LCD/flash.o
 .text.SPI_FLASH_Init
                0x00000000000041c6       0x28 ./LCD/flash.o
                0x00000000000041c6                SPI_FLASH_Init
 .text.SPI_Flash_Read_dma_start
                0x00000000000041ee       0x60 ./LCD/flash.o
                0x00000000000041ee                SPI_Flash_Read_dma_start
 .text.SPI_Flash_Read_dma_end
                0x000000000000424e       0x2a ./LCD/flash.o
                0x000000000000424e                SPI_Flash_Read_dma_end
 .text.LCD_WR_REG
                0x0000000000004278       0x48 ./LCD/lcd.o
 .text.LCD_WR_DATA
                0x00000000000042c0       0x48 ./LCD/lcd.o
 .text.LCD_WriteReg
                0x0000000000004308       0x30 ./LCD/lcd.o
 .text.LCD_GPIOInit
                0x0000000000004338       0xca ./LCD/lcd.o
                0x0000000000004338                LCD_GPIOInit
 .text.LCD_RESET
                0x0000000000004402       0x42 ./LCD/lcd.o
                0x0000000000004402                LCD_RESET
 .text.LCD_Init
                0x0000000000004444      0x270 ./LCD/lcd.o
                0x0000000000004444                LCD_Init
 .text.LCD_direction
                0x00000000000046b4       0xb0 ./LCD/lcd.o
                0x00000000000046b4                LCD_direction
 .text.LCD_drawImageWithSize
                0x0000000000004764      0x216 ./LCD/lcd.o
                0x0000000000004764                LCD_drawImageWithSize
 .text.SPI1_Init
                0x000000000000497a       0xf2 ./LCD/spi.o
                0x000000000000497a                SPI1_Init
 .text.SPI1_Read_DMA_Init
                0x0000000000004a6c       0xf4 ./LCD/spi.o
                0x0000000000004a6c                SPI1_Read_DMA_Init
 .text.SPI1_Read_DMA
                0x0000000000004b60       0xa0 ./LCD/spi.o
                0x0000000000004b60                SPI1_Read_DMA
 .text.SPI2_Init
                0x0000000000004c00       0xf8 ./LCD/spi.o
                0x0000000000004c00                SPI2_Init
 .text.SPI2_DMA_Init
                0x0000000000004cf8       0xb0 ./LCD/spi.o
                0x0000000000004cf8                SPI2_DMA_Init
 .text.SPI2_Write
                0x0000000000004da8       0x5c ./LCD/spi.o
                0x0000000000004da8                SPI2_Write
 .text.SPI2_Write_DMA
                0x0000000000004e04       0x76 ./LCD/spi.o
                0x0000000000004e04                SPI2_Write_DMA
 .text.WS2812_Init
                0x0000000000004e7a      0x164 ./General_Files/drivers/WS2812_PWM_drv.o
                0x0000000000004e7a                WS2812_Init
 .text.WS2812_Reset
                0x0000000000004fde       0x18 ./General_Files/drivers/WS2812_PWM_drv.o
                0x0000000000004fde                WS2812_Reset
 .text.WS2812_SendData
                0x0000000000004ff6      0x252 ./General_Files/drivers/WS2812_PWM_drv.o
                0x0000000000004ff6                WS2812_SendData
 .text.fill_color
                0x0000000000005248       0x42 ./General_Files/system.o
                0x0000000000005248                fill_color
 .text.System_Init
                0x000000000000528a       0x22 ./General_Files/system.o
                0x000000000000528a                System_Init
 .text.System_1
                0x00000000000052ac       0x1e ./General_Files/system.o
                0x00000000000052ac                System_1
 .text.System_Loop
                0x00000000000052ca       0x48 ./General_Files/system.o
                0x00000000000052ca                System_Loop
 .text.Delay_Init
                0x0000000000005312       0x46 ./Debug/debug.o
                0x0000000000005312                Delay_Init
 .text.Delay_Us
                0x0000000000005358       0x84 ./Debug/debug.o
                0x0000000000005358                Delay_Us
 .text.Delay_Ms
                0x00000000000053dc       0x84 ./Debug/debug.o
                0x00000000000053dc                Delay_Ms
 .text.memcmp   0x0000000000005460       0x24 e:/学习软件/ide_mrs/mounriver_studio/toolchain/risc-v embedded gcc/bin/../lib/gcc/riscv-none-embed/8.2.0/../../../../riscv-none-embed/lib/rv32imacxw/ilp32\libg_nano.a(lib_a-memcmp.o)
                0x0000000000005460                memcmp
 .text.memcpy   0x0000000000005484       0xb2 e:/学习软件/ide_mrs/mounriver_studio/toolchain/risc-v embedded gcc/bin/../lib/gcc/riscv-none-embed/8.2.0/../../../../riscv-none-embed/lib/rv32imacxw/ilp32\libg_nano.a(lib_a-memcpy.o)
                0x0000000000005484                memcpy
 *(.rodata)
 *(.rodata*)
 *fill*         0x0000000000005536        0x2 
 .rodata.USBFS_IRQHandler
                0x0000000000005538       0xec ./User/ch32v30x_usbfs_device.o
 .rodata.MyDevDescr
                0x0000000000005624       0x12 ./User/usbd_desc.o
                0x0000000000005624                MyDevDescr
 *fill*         0x0000000000005636        0x2 
 .rodata.MyCfgDescr
                0x0000000000005638       0x3b ./User/usbd_desc.o
                0x0000000000005638                MyCfgDescr
 *fill*         0x0000000000005673        0x1 
 .rodata.KeyRepDesc
                0x0000000000005674       0x3e ./User/usbd_desc.o
                0x0000000000005674                KeyRepDesc
 *fill*         0x00000000000056b2        0x2 
 .rodata.MouseRepDesc
                0x00000000000056b4       0x34 ./User/usbd_desc.o
                0x00000000000056b4                MouseRepDesc
 .rodata.MyManuInfo
                0x00000000000056e8        0xe ./User/usbd_desc.o
                0x00000000000056e8                MyManuInfo
 *fill*         0x00000000000056f6        0x2 
 .rodata.MyProdInfo
                0x00000000000056f8       0x12 ./User/usbd_desc.o
                0x00000000000056f8                MyProdInfo
 *fill*         0x000000000000570a        0x2 
 .rodata.MySerNumInfo
                0x000000000000570c       0x16 ./User/usbd_desc.o
                0x000000000000570c                MySerNumInfo
 *(.gnu.linkonce.t.*)
                0x0000000000005724                . = ALIGN (0x4)
 *fill*         0x0000000000005722        0x2 

.rela.dyn       0x0000000000005724        0x0
 .rela.init     0x0000000000005724        0x0 ./User/ch32v30x_it.o
 .rela.vector   0x0000000000005724        0x0 ./User/ch32v30x_it.o
 .rela.text.handle_reset
                0x0000000000005724        0x0 ./User/ch32v30x_it.o

.fini           0x0000000000005724        0x0
 *(SORT_NONE(.fini))
                0x0000000000005724                . = ALIGN (0x4)
                [!provide]                        PROVIDE (_etext = .)
                [!provide]                        PROVIDE (_eitcm = .)

.preinit_array  0x0000000000005724        0x0
                [!provide]                        PROVIDE (__preinit_array_start = .)
 *(.preinit_array)
                [!provide]                        PROVIDE (__preinit_array_end = .)

.init_array     0x0000000000005724        0x0
                [!provide]                        PROVIDE (__init_array_start = .)
 *(SORT_BY_INIT_PRIORITY(.init_array.*) SORT_BY_INIT_PRIORITY(.ctors.*))
 *(.init_array EXCLUDE_FILE(*crtend?.o *crtend.o *crtbegin?.o *crtbegin.o) .ctors)
                [!provide]                        PROVIDE (__init_array_end = .)

.fini_array     0x0000000000005724        0x0
                [!provide]                        PROVIDE (__fini_array_start = .)
 *(SORT_BY_INIT_PRIORITY(.fini_array.*) SORT_BY_INIT_PRIORITY(.dtors.*))
 *(.fini_array EXCLUDE_FILE(*crtend?.o *crtend.o *crtbegin?.o *crtbegin.o) .dtors)
                [!provide]                        PROVIDE (__fini_array_end = .)

.ctors
 *crtbegin.o(.ctors)
 *crtbegin?.o(.ctors)
 *(EXCLUDE_FILE(*crtend?.o *crtend.o) .ctors)
 *(SORT_BY_NAME(.ctors.*))
 *(.ctors)

.dtors
 *crtbegin.o(.dtors)
 *crtbegin?.o(.dtors)
 *(EXCLUDE_FILE(*crtend?.o *crtend.o) .dtors)
 *(SORT_BY_NAME(.dtors.*))
 *(.dtors)

.dalign         0x0000000020000000        0x0 load address 0x0000000000005724
                0x0000000020000000                . = ALIGN (0x4)
                0x0000000020000000                PROVIDE (_data_vma = .)

.dlalign        0x0000000000005724        0x0
                0x0000000000005724                . = ALIGN (0x4)
                0x0000000000005724                PROVIDE (_data_lma = .)

.data           0x0000000020000000      0x450 load address 0x0000000000005724
 *(.gnu.linkonce.r.*)
 *(.data .data.*)
 .data.AHBPrescTable
                0x0000000020000000       0x10 ./User/system_ch32v30x.o
                0x0000000020000000                AHBPrescTable
 .data.key_matrix
                0x0000000020000010       0x6c ./User/usbd_compostie_km.o
                0x0000000020000010                key_matrix
 .data.APBAHBPrescTable
                0x000000002000007c       0x10 ./Peripheral/src/ch32v30x_rcc.o
 .data.color1   0x000000002000008c      0x13c ./General_Files/system.o
                0x000000002000008c                color1
 .data.color2   0x00000000200001c8      0x13c ./General_Files/system.o
                0x00000000200001c8                color2
 .data.color3   0x0000000020000304      0x13c ./General_Files/system.o
                0x0000000020000304                color3
 *(.gnu.linkonce.d.*)
                0x0000000020000440                . = ALIGN (0x8)
                0x0000000020000c40                PROVIDE (__global_pointer$ = (. + 0x800))
 *(.sdata .sdata.*)
 .sdata.SystemCoreClock
                0x0000000020000440        0x4 ./User/system_ch32v30x.o
                0x0000000020000440                SystemCoreClock
 .sdata.ADCPrescTable
                0x0000000020000444        0x4 ./Peripheral/src/ch32v30x_rcc.o
 .sdata.DummyByte.5364
                0x0000000020000448        0x4 ./LCD/spi.o
 *(.sdata2.*)
 .sdata2.MyLangDescr
                0x000000002000044c        0x4 ./User/usbd_desc.o
                0x000000002000044c                MyLangDescr
 *(.gnu.linkonce.s.*)
                0x0000000020000450                . = ALIGN (0x8)
 *(.srodata.cst16)
 *(.srodata.cst8)
 *(.srodata.cst4)
 *(.srodata.cst2)
 *(.srodata .srodata.*)
                0x0000000020000450                . = ALIGN (0x4)
                0x0000000020000450                PROVIDE (_edata = .)

.bss            0x0000000020000450      0x574 load address 0x0000000000005b74
                0x0000000020000450                . = ALIGN (0x4)
                0x0000000020000450                PROVIDE (_sbss = .)
 *(.sbss*)
 .sbss.pUSBFS_Descr
                0x0000000020000450        0x4 ./User/ch32v30x_usbfs_device.o
                0x0000000020000450                pUSBFS_Descr
 .sbss.USBFS_SetupReqCode
                0x0000000020000454        0x1 ./User/ch32v30x_usbfs_device.o
                0x0000000020000454                USBFS_SetupReqCode
 .sbss.USBFS_SetupReqType
                0x0000000020000455        0x1 ./User/ch32v30x_usbfs_device.o
                0x0000000020000455                USBFS_SetupReqType
 .sbss.USBFS_SetupReqValue
                0x0000000020000456        0x2 ./User/ch32v30x_usbfs_device.o
                0x0000000020000456                USBFS_SetupReqValue
 .sbss.USBFS_SetupReqIndex
                0x0000000020000458        0x2 ./User/ch32v30x_usbfs_device.o
                0x0000000020000458                USBFS_SetupReqIndex
 .sbss.USBFS_SetupReqLen
                0x000000002000045a        0x2 ./User/ch32v30x_usbfs_device.o
                0x000000002000045a                USBFS_SetupReqLen
 .sbss.USBFS_DevConfig
                0x000000002000045c        0x1 ./User/ch32v30x_usbfs_device.o
                0x000000002000045c                USBFS_DevConfig
 .sbss.USBFS_DevAddr
                0x000000002000045d        0x1 ./User/ch32v30x_usbfs_device.o
                0x000000002000045d                USBFS_DevAddr
 .sbss.USBFS_DevSleepStatus
                0x000000002000045e        0x1 ./User/ch32v30x_usbfs_device.o
                0x000000002000045e                USBFS_DevSleepStatus
 .sbss.USBFS_DevEnumStatus
                0x000000002000045f        0x1 ./User/ch32v30x_usbfs_device.o
                0x000000002000045f                USBFS_DevEnumStatus
 .sbss.USBFS_HidIdle
                0x0000000020000460        0x2 ./User/ch32v30x_usbfs_device.o
                0x0000000020000460                USBFS_HidIdle
 *fill*         0x0000000020000462        0x2 
 .sbss.USBFS_HidProtocol
                0x0000000020000464        0x2 ./User/ch32v30x_usbfs_device.o
                0x0000000020000464                USBFS_HidProtocol
 *fill*         0x0000000020000466        0x2 
 .sbss.USBFS_Endp_Busy
                0x0000000020000468        0x8 ./User/ch32v30x_usbfs_device.o
                0x0000000020000468                USBFS_Endp_Busy
 .sbss.last_report
                0x0000000020000470        0x8 ./User/usbd_compostie_km.o
 .sbss.repeat_counter
                0x0000000020000478        0x1 ./User/usbd_compostie_km.o
 *fill*         0x0000000020000479        0x3 
 .sbss.KB_Data_Pack
                0x000000002000047c        0x8 ./User/usbd_compostie_km.o
                0x000000002000047c                KB_Data_Pack
 .sbss.KB_LED_Cur_Status
                0x0000000020000484        0x1 ./User/usbd_compostie_km.o
                0x0000000020000484                KB_LED_Cur_Status
 *fill*         0x0000000020000485        0x3 
 .sbss.system_time_ms
                0x0000000020000488        0x4 ./User/usbd_compostie_km.o
                0x0000000020000488                system_time_ms
 .sbss.NVIC_Priority_Group
                0x000000002000048c        0x4 ./Peripheral/src/ch32v30x_misc.o
                0x000000002000048c                NVIC_Priority_Group
 .sbss.width    0x0000000020000490        0x2 ./LCD/lcd.o
 .sbss.height   0x0000000020000492        0x2 ./LCD/lcd.o
 .sbss.p_us     0x0000000020000494        0x1 ./Debug/debug.o
 *fill*         0x0000000020000495        0x1 
 .sbss.p_ms     0x0000000020000496        0x2 ./Debug/debug.o
 *(.gnu.linkonce.sb.*)
 *(.bss*)
 .bss.USBFS_EP0_Buf
                0x0000000020000498       0x40 ./User/ch32v30x_usbfs_device.o
                0x0000000020000498                USBFS_EP0_Buf
 .bss.USBFS_EP1_Buf
                0x00000000200004d8       0x40 ./User/ch32v30x_usbfs_device.o
                0x00000000200004d8                USBFS_EP1_Buf
 .bss.USBFS_EP2_Buf
                0x0000000020000518       0x40 ./User/ch32v30x_usbfs_device.o
                0x0000000020000518                USBFS_EP2_Buf
 .bss.key_state
                0x0000000020000558       0x6c ./User/usbd_compostie_km.o
                0x0000000020000558                key_state
 .bss.color_buffer
                0x00000000200005c4      0x400 ./LCD/lcd.o
 *(.gnu.linkonce.b.*)
 *(COMMON*)
                0x00000000200009c4                . = ALIGN (0x4)
                0x00000000200009c4                PROVIDE (_ebss = .)
                0x00000000200009c4                PROVIDE (_end = _ebss)
                [!provide]                        PROVIDE (end = .)

.stack          0x0000000020007800      0x800
                0x0000000020007800                PROVIDE (_heap_end = .)
                0x0000000020007800                . = ALIGN (0x4)
                [!provide]                        PROVIDE (_susrstack = .)
                0x0000000020008000                . = (. + __stack_size)
 *fill*         0x0000000020007800      0x800 
                0x0000000020008000                PROVIDE (_eusrstack = .)
OUTPUT(CompositeKM.elf elf32-littleriscv)

.debug_info     0x0000000000000000    0x15f35
 .debug_info    0x0000000000000000     0x10e0 ./User/ch32v30x_it.o
 .debug_info    0x00000000000010e0     0x182d ./User/ch32v30x_usbfs_device.o
 .debug_info    0x000000000000290d      0xf76 ./User/main.o
 .debug_info    0x0000000000003883      0xb83 ./User/system_ch32v30x.o
 .debug_info    0x0000000000004406     0x194c ./User/usbd_compostie_km.o
 .debug_info    0x0000000000005d52      0x17b ./User/usbd_desc.o
 .debug_info    0x0000000000005ecd       0x22 ./Startup/startup_ch32v30x_D8C.o
 .debug_info    0x0000000000005eef      0xd3b ./Peripheral/src/ch32v30x_dma.o
 .debug_info    0x0000000000006c2a      0xc0d ./Peripheral/src/ch32v30x_exti.o
 .debug_info    0x0000000000007837     0x1004 ./Peripheral/src/ch32v30x_gpio.o
 .debug_info    0x000000000000883b      0xf59 ./Peripheral/src/ch32v30x_misc.o
 .debug_info    0x0000000000009794      0xfd1 ./Peripheral/src/ch32v30x_pwr.o
 .debug_info    0x000000000000a765     0x154a ./Peripheral/src/ch32v30x_rcc.o
 .debug_info    0x000000000000bcaf     0x1228 ./Peripheral/src/ch32v30x_spi.o
 .debug_info    0x000000000000ced7     0x26a8 ./Peripheral/src/ch32v30x_tim.o
 .debug_info    0x000000000000f57f     0x12a8 ./Peripheral/src/ch32v30x_usart.o
 .debug_info    0x0000000000010827      0xf88 ./LCD/flash.o
 .debug_info    0x00000000000117af      0xed6 ./LCD/lcd.o
 .debug_info    0x0000000000012685      0xee7 ./LCD/spi.o
 .debug_info    0x000000000001356c      0xfe3 ./General_Files/drivers/WS2812_PWM_drv.o
 .debug_info    0x000000000001454f      0xb9a ./General_Files/system.o
 .debug_info    0x00000000000150e9      0xe4c ./Debug/debug.o

.debug_abbrev   0x0000000000000000     0x39f9
 .debug_abbrev  0x0000000000000000      0x2be ./User/ch32v30x_it.o
 .debug_abbrev  0x00000000000002be      0x3a4 ./User/ch32v30x_usbfs_device.o
 .debug_abbrev  0x0000000000000662      0x2d9 ./User/main.o
 .debug_abbrev  0x000000000000093b      0x29e ./User/system_ch32v30x.o
 .debug_abbrev  0x0000000000000bd9      0x391 ./User/usbd_compostie_km.o
 .debug_abbrev  0x0000000000000f6a       0x6c ./User/usbd_desc.o
 .debug_abbrev  0x0000000000000fd6       0x12 ./Startup/startup_ch32v30x_D8C.o
 .debug_abbrev  0x0000000000000fe8      0x295 ./Peripheral/src/ch32v30x_dma.o
 .debug_abbrev  0x000000000000127d      0x268 ./Peripheral/src/ch32v30x_exti.o
 .debug_abbrev  0x00000000000014e5      0x2f5 ./Peripheral/src/ch32v30x_gpio.o
 .debug_abbrev  0x00000000000017da      0x2c7 ./Peripheral/src/ch32v30x_misc.o
 .debug_abbrev  0x0000000000001aa1      0x35a ./Peripheral/src/ch32v30x_pwr.o
 .debug_abbrev  0x0000000000001dfb      0x2fa ./Peripheral/src/ch32v30x_rcc.o
 .debug_abbrev  0x00000000000020f5      0x2c2 ./Peripheral/src/ch32v30x_spi.o
 .debug_abbrev  0x00000000000023b7      0x2ed ./Peripheral/src/ch32v30x_tim.o
 .debug_abbrev  0x00000000000026a4      0x2c2 ./Peripheral/src/ch32v30x_usart.o
 .debug_abbrev  0x0000000000002966      0x32e ./LCD/flash.o
 .debug_abbrev  0x0000000000002c94      0x2dc ./LCD/lcd.o
 .debug_abbrev  0x0000000000002f70      0x25b ./LCD/spi.o
 .debug_abbrev  0x00000000000031cb      0x280 ./General_Files/drivers/WS2812_PWM_drv.o
 .debug_abbrev  0x000000000000344b      0x2cb ./General_Files/system.o
 .debug_abbrev  0x0000000000003716      0x2e3 ./Debug/debug.o

.debug_aranges  0x0000000000000000      0xc88
 .debug_aranges
                0x0000000000000000       0x40 ./User/ch32v30x_it.o
 .debug_aranges
                0x0000000000000040       0x48 ./User/ch32v30x_usbfs_device.o
 .debug_aranges
                0x0000000000000088       0x38 ./User/main.o
 .debug_aranges
                0x00000000000000c0       0x38 ./User/system_ch32v30x.o
 .debug_aranges
                0x00000000000000f8       0x80 ./User/usbd_compostie_km.o
 .debug_aranges
                0x0000000000000178       0x18 ./User/usbd_desc.o
 .debug_aranges
                0x0000000000000190       0x30 ./Startup/startup_ch32v30x_D8C.o
 .debug_aranges
                0x00000000000001c0       0x70 ./Peripheral/src/ch32v30x_dma.o
 .debug_aranges
                0x0000000000000230       0x58 ./Peripheral/src/ch32v30x_exti.o
 .debug_aranges
                0x0000000000000288       0xb0 ./Peripheral/src/ch32v30x_gpio.o
 .debug_aranges
                0x0000000000000338       0x28 ./Peripheral/src/ch32v30x_misc.o
 .debug_aranges
                0x0000000000000360       0x88 ./Peripheral/src/ch32v30x_pwr.o
 .debug_aranges
                0x00000000000003e8      0x1a8 ./Peripheral/src/ch32v30x_rcc.o
 .debug_aranges
                0x0000000000000590       0xd0 ./Peripheral/src/ch32v30x_spi.o
 .debug_aranges
                0x0000000000000660      0x2f0 ./Peripheral/src/ch32v30x_tim.o
 .debug_aranges
                0x0000000000000950       0xf0 ./Peripheral/src/ch32v30x_usart.o
 .debug_aranges
                0x0000000000000a40       0xb8 ./LCD/flash.o
 .debug_aranges
                0x0000000000000af8       0x70 ./LCD/lcd.o
 .debug_aranges
                0x0000000000000b68       0x50 ./LCD/spi.o
 .debug_aranges
                0x0000000000000bb8       0x30 ./General_Files/drivers/WS2812_PWM_drv.o
 .debug_aranges
                0x0000000000000be8       0x50 ./General_Files/system.o
 .debug_aranges
                0x0000000000000c38       0x50 ./Debug/debug.o

.debug_ranges   0x0000000000000000      0xb28
 .debug_ranges  0x0000000000000000       0x30 ./User/ch32v30x_it.o
 .debug_ranges  0x0000000000000030       0x38 ./User/ch32v30x_usbfs_device.o
 .debug_ranges  0x0000000000000068       0x28 ./User/main.o
 .debug_ranges  0x0000000000000090       0x28 ./User/system_ch32v30x.o
 .debug_ranges  0x00000000000000b8       0x70 ./User/usbd_compostie_km.o
 .debug_ranges  0x0000000000000128       0x28 ./Startup/startup_ch32v30x_D8C.o
 .debug_ranges  0x0000000000000150       0x60 ./Peripheral/src/ch32v30x_dma.o
 .debug_ranges  0x00000000000001b0       0x48 ./Peripheral/src/ch32v30x_exti.o
 .debug_ranges  0x00000000000001f8       0xa0 ./Peripheral/src/ch32v30x_gpio.o
 .debug_ranges  0x0000000000000298       0x18 ./Peripheral/src/ch32v30x_misc.o
 .debug_ranges  0x00000000000002b0       0x78 ./Peripheral/src/ch32v30x_pwr.o
 .debug_ranges  0x0000000000000328      0x198 ./Peripheral/src/ch32v30x_rcc.o
 .debug_ranges  0x00000000000004c0       0xc0 ./Peripheral/src/ch32v30x_spi.o
 .debug_ranges  0x0000000000000580      0x2e0 ./Peripheral/src/ch32v30x_tim.o
 .debug_ranges  0x0000000000000860       0xe0 ./Peripheral/src/ch32v30x_usart.o
 .debug_ranges  0x0000000000000940       0xa8 ./LCD/flash.o
 .debug_ranges  0x00000000000009e8       0x60 ./LCD/lcd.o
 .debug_ranges  0x0000000000000a48       0x40 ./LCD/spi.o
 .debug_ranges  0x0000000000000a88       0x20 ./General_Files/drivers/WS2812_PWM_drv.o
 .debug_ranges  0x0000000000000aa8       0x40 ./General_Files/system.o
 .debug_ranges  0x0000000000000ae8       0x40 ./Debug/debug.o

.debug_line     0x0000000000000000     0xdf60
 .debug_line    0x0000000000000000      0x47e ./User/ch32v30x_it.o
 .debug_line    0x000000000000047e     0x14fc ./User/ch32v30x_usbfs_device.o
 .debug_line    0x000000000000197a      0x60f ./User/main.o
 .debug_line    0x0000000000001f89      0x66e ./User/system_ch32v30x.o
 .debug_line    0x00000000000025f7      0xfe9 ./User/usbd_compostie_km.o
 .debug_line    0x00000000000035e0      0x128 ./User/usbd_desc.o
 .debug_line    0x0000000000003708      0x150 ./Startup/startup_ch32v30x_D8C.o
 .debug_line    0x0000000000003858      0x940 ./Peripheral/src/ch32v30x_dma.o
 .debug_line    0x0000000000004198      0x667 ./Peripheral/src/ch32v30x_exti.o
 .debug_line    0x00000000000047ff      0xe39 ./Peripheral/src/ch32v30x_gpio.o
 .debug_line    0x0000000000005638      0x444 ./Peripheral/src/ch32v30x_misc.o
 .debug_line    0x0000000000005a7c      0x873 ./Peripheral/src/ch32v30x_pwr.o
 .debug_line    0x00000000000062ef     0x14f1 ./Peripheral/src/ch32v30x_rcc.o
 .debug_line    0x00000000000077e0      0xb7e ./Peripheral/src/ch32v30x_spi.o
 .debug_line    0x000000000000835e     0x21a3 ./Peripheral/src/ch32v30x_tim.o
 .debug_line    0x000000000000a501      0xccd ./Peripheral/src/ch32v30x_usart.o
 .debug_line    0x000000000000b1ce      0xa81 ./LCD/flash.o
 .debug_line    0x000000000000bc4f      0xa63 ./LCD/lcd.o
 .debug_line    0x000000000000c6b2      0x742 ./LCD/spi.o
 .debug_line    0x000000000000cdf4      0x6d9 ./General_Files/drivers/WS2812_PWM_drv.o
 .debug_line    0x000000000000d4cd      0x4b0 ./General_Files/system.o
 .debug_line    0x000000000000d97d      0x5e3 ./Debug/debug.o

.debug_str      0x0000000000000000     0x4069
 .debug_str     0x0000000000000000      0xe50 ./User/ch32v30x_it.o
                                        0xeda (size before relaxing)
 .debug_str     0x0000000000000e50      0x63a ./User/ch32v30x_usbfs_device.o
                                       0x11f3 (size before relaxing)
 .debug_str     0x000000000000148a      0x12e ./User/main.o
                                        0xa64 (size before relaxing)
 .debug_str     0x00000000000015b8      0x116 ./User/system_ch32v30x.o
                                        0x6f7 (size before relaxing)
 .debug_str     0x00000000000016ce      0x37c ./User/usbd_compostie_km.o
                                       0x13a5 (size before relaxing)
 .debug_str     0x0000000000001a4a       0x14 ./User/usbd_desc.o
                                        0x217 (size before relaxing)
 .debug_str     0x0000000000001a5e       0x5c ./Startup/startup_ch32v30x_D8C.o
                                         0xae (size before relaxing)
 .debug_str     0x0000000000001aba      0x23e ./Peripheral/src/ch32v30x_dma.o
                                        0x837 (size before relaxing)
 .debug_str     0x0000000000001cf8       0xf6 ./Peripheral/src/ch32v30x_exti.o
                                        0x7d1 (size before relaxing)
 .debug_str     0x0000000000001dee      0x26c ./Peripheral/src/ch32v30x_gpio.o
                                        0x9c6 (size before relaxing)
 .debug_str     0x000000000000205a       0xc4 ./Peripheral/src/ch32v30x_misc.o
                                        0xcfd (size before relaxing)
 .debug_str     0x000000000000211e      0x1c6 ./Peripheral/src/ch32v30x_pwr.o
                                        0x884 (size before relaxing)
 .debug_str     0x00000000000022e4      0x61f ./Peripheral/src/ch32v30x_rcc.o
                                        0xd23 (size before relaxing)
 .debug_str     0x0000000000002903      0x37b ./Peripheral/src/ch32v30x_spi.o
                                        0xa93 (size before relaxing)
 .debug_str     0x0000000000002c7e      0xa6d ./Peripheral/src/ch32v30x_tim.o
                                       0x129c (size before relaxing)
 .debug_str     0x00000000000036eb      0x383 ./Peripheral/src/ch32v30x_usart.o
                                        0xafe (size before relaxing)
 .debug_str     0x0000000000003a6e      0x201 ./LCD/flash.o
                                        0x9cc (size before relaxing)
 .debug_str     0x0000000000003c6f      0x103 ./LCD/lcd.o
                                        0x8f2 (size before relaxing)
 .debug_str     0x0000000000003d72       0x98 ./LCD/spi.o
                                        0x9c9 (size before relaxing)
 .debug_str     0x0000000000003e0a       0x9a ./General_Files/drivers/WS2812_PWM_drv.o
                                        0xaf8 (size before relaxing)
 .debug_str     0x0000000000003ea4       0xf4 ./General_Files/system.o
                                        0x6c6 (size before relaxing)
 .debug_str     0x0000000000003f98       0xd1 ./Debug/debug.o
                                        0x90c (size before relaxing)

.comment        0x0000000000000000       0x33
 .comment       0x0000000000000000       0x33 ./User/ch32v30x_it.o
                                         0x34 (size before relaxing)
 .comment       0x0000000000000033       0x34 ./User/ch32v30x_usbfs_device.o
 .comment       0x0000000000000033       0x34 ./User/main.o
 .comment       0x0000000000000033       0x34 ./User/system_ch32v30x.o
 .comment       0x0000000000000033       0x34 ./User/usbd_compostie_km.o
 .comment       0x0000000000000033       0x34 ./User/usbd_desc.o
 .comment       0x0000000000000033       0x34 ./Peripheral/src/ch32v30x_dma.o
 .comment       0x0000000000000033       0x34 ./Peripheral/src/ch32v30x_exti.o
 .comment       0x0000000000000033       0x34 ./Peripheral/src/ch32v30x_gpio.o
 .comment       0x0000000000000033       0x34 ./Peripheral/src/ch32v30x_misc.o
 .comment       0x0000000000000033       0x34 ./Peripheral/src/ch32v30x_pwr.o
 .comment       0x0000000000000033       0x34 ./Peripheral/src/ch32v30x_rcc.o
 .comment       0x0000000000000033       0x34 ./Peripheral/src/ch32v30x_spi.o
 .comment       0x0000000000000033       0x34 ./Peripheral/src/ch32v30x_tim.o
 .comment       0x0000000000000033       0x34 ./Peripheral/src/ch32v30x_usart.o
 .comment       0x0000000000000033       0x34 ./LCD/flash.o
 .comment       0x0000000000000033       0x34 ./LCD/lcd.o
 .comment       0x0000000000000033       0x34 ./LCD/spi.o
 .comment       0x0000000000000033       0x34 ./General_Files/drivers/WS2812_PWM_drv.o
 .comment       0x0000000000000033       0x34 ./General_Files/system.o
 .comment       0x0000000000000033       0x34 ./Debug/debug.o

.debug_frame    0x0000000000000000     0x2cdc
 .debug_frame   0x0000000000000000       0xb0 ./User/ch32v30x_it.o
 .debug_frame   0x00000000000000b0       0xe8 ./User/ch32v30x_usbfs_device.o
 .debug_frame   0x0000000000000198       0x98 ./User/main.o
 .debug_frame   0x0000000000000230       0xa0 ./User/system_ch32v30x.o
 .debug_frame   0x00000000000002d0      0x1e4 ./User/usbd_compostie_km.o
 .debug_frame   0x00000000000004b4      0x174 ./Peripheral/src/ch32v30x_dma.o
 .debug_frame   0x0000000000000628      0x114 ./Peripheral/src/ch32v30x_exti.o
 .debug_frame   0x000000000000073c      0x288 ./Peripheral/src/ch32v30x_gpio.o
 .debug_frame   0x00000000000009c4       0x50 ./Peripheral/src/ch32v30x_misc.o
 .debug_frame   0x0000000000000a14      0x1dc ./Peripheral/src/ch32v30x_pwr.o
 .debug_frame   0x0000000000000bf0      0x658 ./Peripheral/src/ch32v30x_rcc.o
 .debug_frame   0x0000000000001248      0x2fc ./Peripheral/src/ch32v30x_spi.o
 .debug_frame   0x0000000000001544      0xbac ./Peripheral/src/ch32v30x_tim.o
 .debug_frame   0x00000000000020f0      0x380 ./Peripheral/src/ch32v30x_usart.o
 .debug_frame   0x0000000000002470      0x2e8 ./LCD/flash.o
 .debug_frame   0x0000000000002758      0x1a4 ./LCD/lcd.o
 .debug_frame   0x00000000000028fc      0x110 ./LCD/spi.o
 .debug_frame   0x0000000000002a0c       0x8c ./General_Files/drivers/WS2812_PWM_drv.o
 .debug_frame   0x0000000000002a98      0x108 ./General_Files/system.o
 .debug_frame   0x0000000000002ba0       0xfc ./Debug/debug.o
 .debug_frame   0x0000000000002c9c       0x20 e:/学习软件/ide_mrs/mounriver_studio/toolchain/risc-v embedded gcc/bin/../lib/gcc/riscv-none-embed/8.2.0/../../../../riscv-none-embed/lib/rv32imacxw/ilp32\libg_nano.a(lib_a-memcmp.o)
 .debug_frame   0x0000000000002cbc       0x20 e:/学习软件/ide_mrs/mounriver_studio/toolchain/risc-v embedded gcc/bin/../lib/gcc/riscv-none-embed/8.2.0/../../../../riscv-none-embed/lib/rv32imacxw/ilp32\libg_nano.a(lib_a-memcpy.o)

.stabstr        0x0000000000000000      0x117
 .stabstr       0x0000000000000000      0x117 e:/学习软件/ide_mrs/mounriver_studio/toolchain/risc-v embedded gcc/bin/../lib/gcc/riscv-none-embed/8.2.0/../../../../riscv-none-embed/lib/rv32imacxw/ilp32\libnosys.a(close.o)
